{
    "image - antsmath - stub-run": {
        "content": [
            [
                "versions.yml:md5,cb6d3b58688f73d65e7bf13b9ed34302"
            ]
        ],
        "meta": {
            "nf-test": "0.9.3",
            "nextflow": "24.10.5"
        },
        "timestamp": "2026-05-07T21:35:41.513790271"
    },
    "image - antsmath": {
        "content": [
            "test_majorityvote.nii.gz:md5:header,0dac0bc785f36a992cbd569171902d24,data,26e7b648874422b4cf07cbb237a466f2"
        ],
        "meta": {
            "nf-test": "0.9.3",
            "nextflow": "24.10.5"
        },
        "timestamp": "2026-05-05T21:15:36.776437076"
    }
}