{
    "betcrop - fslbetcrop - stub-run": {
        "content": [
            [
                "versions.yml:md5,06b3bd7ed69358fbd2d2174309f145b7"
            ]
        ],
        "meta": {
            "nf-test": "0.9.3",
            "nextflow": "25.10.2"
        },
        "timestamp": "2026-02-26T22:28:09.239679593"
    },
    "betcrop - fslbetcrop - dwi": {
        "content": [
            {
                "0": [
                    [
                        {
                            "id": "test",
                            "single_end": false
                        },
                        "test__image_bet.nii.gz:md5,781908d0bdb99f4f969f558e8f13cfe5"
                    ]
                ],
                "1": [
                    [
                        {
                            "id": "test",
                            "single_end": false
                        },
                        "test__image_bet_mask.nii.gz:md5,8b1720364571f0337359eeeced23e49d"
                    ]
                ],
                "2": [
                    [
                        {
                            "id": "test",
                            "single_end": false
                        },
                        "test__image_boundingBox.pkl:md5,872d862115dcf4aa265152da6480e529"
                    ]
                ],
                "3": [
                    "versions.yml:md5,d98adbb6838a25ceadc22ff0229a7aee"
                ],
                "bbox": [
                    [
                        {
                            "id": "test",
                            "single_end": false
                        },
                        "test__image_boundingBox.pkl:md5,872d862115dcf4aa265152da6480e529"
                    ]
                ],
                "image": [
                    [
                        {
                            "id": "test",
                            "single_end": false
                        },
                        "test__image_bet.nii.gz:md5,781908d0bdb99f4f969f558e8f13cfe5"
                    ]
                ],
                "mask": [
                    [
                        {
                            "id": "test",
                            "single_end": false
                        },
                        "test__image_bet_mask.nii.gz:md5,8b1720364571f0337359eeeced23e49d"
                    ]
                ],
                "versions": [
                    "versions.yml:md5,d98adbb6838a25ceadc22ff0229a7aee"
                ]
            }
        ],
        "meta": {
            "nf-test": "0.9.3",
            "nextflow": "25.10.2"
        },
        "timestamp": "2026-04-24T11:07:50.184247919"
    },
    "betcrop - fslbetcrop - t1": {
        "content": [
            {
                "0": [
                    [
                        {
                            "id": "test",
                            "single_end": false
                        },
                        "test__image_bet.nii.gz:md5,3c983126d6226c914030e8d6a5c63f6e"
                    ]
                ],
                "1": [
                    [
                        {
                            "id": "test",
                            "single_end": false
                        },
                        "test__image_bet_mask.nii.gz:md5,c5d967b9ef5ffb31b543fecb87ef8479"
                    ]
                ],
                "2": [
                    [
                        {
                            "id": "test",
                            "single_end": false
                        },
                        "test__image_boundingBox.pkl:md5,a4f59418fe7fb9d067475197de914aa8"
                    ]
                ],
                "3": [
                    "versions.yml:md5,d98adbb6838a25ceadc22ff0229a7aee"
                ],
                "bbox": [
                    [
                        {
                            "id": "test",
                            "single_end": false
                        },
                        "test__image_boundingBox.pkl:md5,a4f59418fe7fb9d067475197de914aa8"
                    ]
                ],
                "image": [
                    [
                        {
                            "id": "test",
                            "single_end": false
                        },
                        "test__image_bet.nii.gz:md5,3c983126d6226c914030e8d6a5c63f6e"
                    ]
                ],
                "mask": [
                    [
                        {
                            "id": "test",
                            "single_end": false
                        },
                        "test__image_bet_mask.nii.gz:md5,c5d967b9ef5ffb31b543fecb87ef8479"
                    ]
                ],
                "versions": [
                    "versions.yml:md5,d98adbb6838a25ceadc22ff0229a7aee"
                ]
            }
        ],
        "meta": {
            "nf-test": "0.9.3",
            "nextflow": "25.10.2"
        },
        "timestamp": "2026-02-26T22:27:40.745798542"
    },
    "betcrop - fslbetcrop - t1 - dilate": {
        "content": [
            {
                "0": [
                    [
                        {
                            "id": "test",
                            "single_end": false
                        },
                        "test__image_bet.nii.gz:md5,3c983126d6226c914030e8d6a5c63f6e"
                    ]
                ],
                "1": [
                    [
                        {
                            "id": "test",
                            "single_end": false
                        },
                        "test__image_bet_mask.nii.gz:md5,78a93e32e7ff3093649509e59256645b"
                    ]
                ],
                "2": [
                    [
                        {
                            "id": "test",
                            "single_end": false
                        },
                        "test__image_boundingBox.pkl:md5,a4f59418fe7fb9d067475197de914aa8"
                    ]
                ],
                "3": [
                    "versions.yml:md5,d98adbb6838a25ceadc22ff0229a7aee"
                ],
                "bbox": [
                    [
                        {
                            "id": "test",
                            "single_end": false
                        },
                        "test__image_boundingBox.pkl:md5,a4f59418fe7fb9d067475197de914aa8"
                    ]
                ],
                "image": [
                    [
                        {
                            "id": "test",
                            "single_end": false
                        },
                        "test__image_bet.nii.gz:md5,3c983126d6226c914030e8d6a5c63f6e"
                    ]
                ],
                "mask": [
                    [
                        {
                            "id": "test",
                            "single_end": false
                        },
                        "test__image_bet_mask.nii.gz:md5,78a93e32e7ff3093649509e59256645b"
                    ]
                ],
                "versions": [
                    "versions.yml:md5,d98adbb6838a25ceadc22ff0229a7aee"
                ]
            }
        ],
        "meta": {
            "nf-test": "0.9.3",
            "nextflow": "25.10.2"
        },
        "timestamp": "2026-02-26T22:27:58.046082616"
    }
}