{
    "magetbrain - stub-run": {
        "content": [
            {
                "labels": [
                    [
                        {
                            "id": "subject1_label_test"
                        },
                        "subject1_label_test_majorityvote.nii.gz"
                    ],
                    [
                        {
                            "id": "subject2_label_test"
                        },
                        "subject2_label_test_majorityvote.nii.gz"
                    ]
                ],
                "versions": [
                    "versions.yml:md5,1a076128c0e5e49175034dac7bd05f03",
                    "versions.yml:md5,2de58e65c4a8d57da273d757a93de74b",
                    "versions.yml:md5,ce1c5e5dd2b76f4a269c95fa802a9abe",
                    "versions.yml:md5,f11ee767f5469bc1de7ad7a271eaa40b"
                ]
            }
        ],
        "timestamp": "2026-04-29T10:32:21.875583592",
        "meta": {
            "nf-test": "0.9.5",
            "nextflow": "24.10.5"
        }
    }
}