{
    "registration - ants - stub": {
        "content": [
            [
                "versions.yml:md5,0b121e44c28b1c3efb04ae0dfc9ec76c"
            ]
        ],
        "meta": {
            "nf-test": "0.9.3",
            "nextflow": "25.10.2"
        },
        "timestamp": "2026-02-26T22:31:18.974318044"
    },
    "registration - ants - SyN quick": {
        "content": [
            {
                "0": [
                    [
                        {
                            "id": "test"
                        },
                        "test_t1_warped.nii.gz:md5,016778565a9485e9b5c66c15c3007e7d"
                    ]
                ],
                "1": [
                    [
                        {
                            "id": "test"
                        },
                        "test_forward1_affine.mat:md5,ce93a2ea2bd9b1dddad3b1a00f61d424"
                    ]
                ],
                "10": [
                    "versions.yml:md5,0b121e44c28b1c3efb04ae0dfc9ec76c"
                ],
                "2": [
                    [
                        {
                            "id": "test"
                        },
                        "test_forward0_warp.nii.gz:md5,059d3004d32af7be6b521b3519b1fc39"
                    ]
                ],
                "3": [
                    [
                        {
                            "id": "test"
                        },
                        "test_backward1_warp.nii.gz:md5,3c6df14f18bef5fbfd8cebbbbe380f72"
                    ]
                ],
                "4": [
                    [
                        {
                            "id": "test"
                        },
                        "test_backward0_affine.mat:md5,4a61a666f55e86252ccfeda0d5f4501a"
                    ]
                ],
                "5": [
                    [
                        {
                            "id": "test"
                        },
                        [
                            "test_forward0_warp.nii.gz:md5,059d3004d32af7be6b521b3519b1fc39",
                            "test_forward1_affine.mat:md5,ce93a2ea2bd9b1dddad3b1a00f61d424"
                        ]
                    ]
                ],
                "6": [
                    [
                        {
                            "id": "test"
                        },
                        [
                            "test_backward0_affine.mat:md5,4a61a666f55e86252ccfeda0d5f4501a",
                            "test_backward1_warp.nii.gz:md5,3c6df14f18bef5fbfd8cebbbbe380f72"
                        ]
                    ]
                ],
                "7": [
                    [
                        {
                            "id": "test"
                        },
                        [
                            "test_backward0_affine.mat:md5,4a61a666f55e86252ccfeda0d5f4501a",
                            "test_backward1_warp.nii.gz:md5,3c6df14f18bef5fbfd8cebbbbe380f72"
                        ]
                    ]
                ],
                "8": [
                    [
                        {
                            "id": "test"
                        },
                        [
                            "test_forward0_warp.nii.gz:md5,059d3004d32af7be6b521b3519b1fc39",
                            "test_forward1_affine.mat:md5,ce93a2ea2bd9b1dddad3b1a00f61d424"
                        ]
                    ]
                ],
                "9": [
                    [
                        {
                            "id": "test"
                        },
                        "test_T1_to_T1_slab_registration_ants_mqc.gif:md5,33c08a702ef72900d2b4188bfa497563"
                    ]
                ],
                "backward_affine": [
                    [
                        {
                            "id": "test"
                        },
                        "test_backward0_affine.mat:md5,4a61a666f55e86252ccfeda0d5f4501a"
                    ]
                ],
                "backward_image_transform": [
                    [
                        {
                            "id": "test"
                        },
                        [
                            "test_backward0_affine.mat:md5,4a61a666f55e86252ccfeda0d5f4501a",
                            "test_backward1_warp.nii.gz:md5,3c6df14f18bef5fbfd8cebbbbe380f72"
                        ]
                    ]
                ],
                "backward_tractogram_transform": [
                    [
                        {
                            "id": "test"
                        },
                        [
                            "test_forward0_warp.nii.gz:md5,059d3004d32af7be6b521b3519b1fc39",
                            "test_forward1_affine.mat:md5,ce93a2ea2bd9b1dddad3b1a00f61d424"
                        ]
                    ]
                ],
                "backward_warp": [
                    [
                        {
                            "id": "test"
                        },
                        "test_backward1_warp.nii.gz:md5,3c6df14f18bef5fbfd8cebbbbe380f72"
                    ]
                ],
                "forward_affine": [
                    [
                        {
                            "id": "test"
                        },
                        "test_forward1_affine.mat:md5,ce93a2ea2bd9b1dddad3b1a00f61d424"
                    ]
                ],
                "forward_image_transform": [
                    [
                        {
                            "id": "test"
                        },
                        [
                            "test_forward0_warp.nii.gz:md5,059d3004d32af7be6b521b3519b1fc39",
                            "test_forward1_affine.mat:md5,ce93a2ea2bd9b1dddad3b1a00f61d424"
                        ]
                    ]
                ],
                "forward_tractogram_transform": [
                    [
                        {
                            "id": "test"
                        },
                        [
                            "test_backward0_affine.mat:md5,4a61a666f55e86252ccfeda0d5f4501a",
                            "test_backward1_warp.nii.gz:md5,3c6df14f18bef5fbfd8cebbbbe380f72"
                        ]
                    ]
                ],
                "forward_warp": [
                    [
                        {
                            "id": "test"
                        },
                        "test_forward0_warp.nii.gz:md5,059d3004d32af7be6b521b3519b1fc39"
                    ]
                ],
                "image_warped": [
                    [
                        {
                            "id": "test"
                        },
                        "test_t1_warped.nii.gz:md5,016778565a9485e9b5c66c15c3007e7d"
                    ]
                ],
                "mqc": [
                    [
                        {
                            "id": "test"
                        },
                        "test_T1_to_T1_slab_registration_ants_mqc.gif:md5,33c08a702ef72900d2b4188bfa497563"
                    ]
                ],
                "versions": [
                    "versions.yml:md5,0b121e44c28b1c3efb04ae0dfc9ec76c"
                ]
            }
        ],
        "meta": {
            "nf-test": "0.9.3",
            "nextflow": "25.10.2"
        },
        "timestamp": "2026-04-02T22:09:03.144204996"
    },
    "registration - ants - SyN": {
        "content": [
            {
                "0": [
                    [
                        {
                            "id": "test"
                        },
                        "test_t1_warped.nii.gz:md5,2cbbec3c9dcbd2428090d0431fb9b19f"
                    ]
                ],
                "1": [
                    [
                        {
                            "id": "test"
                        },
                        "test_forward1_affine.mat:md5,633e4951ff8210a03fb59125f1d834d8"
                    ]
                ],
                "10": [
                    "versions.yml:md5,0b121e44c28b1c3efb04ae0dfc9ec76c"
                ],
                "2": [
                    [
                        {
                            "id": "test"
                        },
                        "test_forward0_warp.nii.gz:md5,630a66e0c15e1ef6113000ffb8bb79ac"
                    ]
                ],
                "3": [
                    [
                        {
                            "id": "test"
                        },
                        "test_backward1_warp.nii.gz:md5,0ca80e8378a1e81fe0915785f2a6c478"
                    ]
                ],
                "4": [
                    [
                        {
                            "id": "test"
                        },
                        "test_backward0_affine.mat:md5,bf878a9603623b72aa4bade4f58699ed"
                    ]
                ],
                "5": [
                    [
                        {
                            "id": "test"
                        },
                        [
                            "test_forward0_warp.nii.gz:md5,630a66e0c15e1ef6113000ffb8bb79ac",
                            "test_forward1_affine.mat:md5,633e4951ff8210a03fb59125f1d834d8"
                        ]
                    ]
                ],
                "6": [
                    [
                        {
                            "id": "test"
                        },
                        [
                            "test_backward0_affine.mat:md5,bf878a9603623b72aa4bade4f58699ed",
                            "test_backward1_warp.nii.gz:md5,0ca80e8378a1e81fe0915785f2a6c478"
                        ]
                    ]
                ],
                "7": [
                    [
                        {
                            "id": "test"
                        },
                        [
                            "test_backward0_affine.mat:md5,bf878a9603623b72aa4bade4f58699ed",
                            "test_backward1_warp.nii.gz:md5,0ca80e8378a1e81fe0915785f2a6c478"
                        ]
                    ]
                ],
                "8": [
                    [
                        {
                            "id": "test"
                        },
                        [
                            "test_forward0_warp.nii.gz:md5,630a66e0c15e1ef6113000ffb8bb79ac",
                            "test_forward1_affine.mat:md5,633e4951ff8210a03fb59125f1d834d8"
                        ]
                    ]
                ],
                "9": [
                    
                ],
                "backward_affine": [
                    [
                        {
                            "id": "test"
                        },
                        "test_backward0_affine.mat:md5,bf878a9603623b72aa4bade4f58699ed"
                    ]
                ],
                "backward_image_transform": [
                    [
                        {
                            "id": "test"
                        },
                        [
                            "test_backward0_affine.mat:md5,bf878a9603623b72aa4bade4f58699ed",
                            "test_backward1_warp.nii.gz:md5,0ca80e8378a1e81fe0915785f2a6c478"
                        ]
                    ]
                ],
                "backward_tractogram_transform": [
                    [
                        {
                            "id": "test"
                        },
                        [
                            "test_forward0_warp.nii.gz:md5,630a66e0c15e1ef6113000ffb8bb79ac",
                            "test_forward1_affine.mat:md5,633e4951ff8210a03fb59125f1d834d8"
                        ]
                    ]
                ],
                "backward_warp": [
                    [
                        {
                            "id": "test"
                        },
                        "test_backward1_warp.nii.gz:md5,0ca80e8378a1e81fe0915785f2a6c478"
                    ]
                ],
                "forward_affine": [
                    [
                        {
                            "id": "test"
                        },
                        "test_forward1_affine.mat:md5,633e4951ff8210a03fb59125f1d834d8"
                    ]
                ],
                "forward_image_transform": [
                    [
                        {
                            "id": "test"
                        },
                        [
                            "test_forward0_warp.nii.gz:md5,630a66e0c15e1ef6113000ffb8bb79ac",
                            "test_forward1_affine.mat:md5,633e4951ff8210a03fb59125f1d834d8"
                        ]
                    ]
                ],
                "forward_tractogram_transform": [
                    [
                        {
                            "id": "test"
                        },
                        [
                            "test_backward0_affine.mat:md5,bf878a9603623b72aa4bade4f58699ed",
                            "test_backward1_warp.nii.gz:md5,0ca80e8378a1e81fe0915785f2a6c478"
                        ]
                    ]
                ],
                "forward_warp": [
                    [
                        {
                            "id": "test"
                        },
                        "test_forward0_warp.nii.gz:md5,630a66e0c15e1ef6113000ffb8bb79ac"
                    ]
                ],
                "image_warped": [
                    [
                        {
                            "id": "test"
                        },
                        "test_t1_warped.nii.gz:md5,2cbbec3c9dcbd2428090d0431fb9b19f"
                    ]
                ],
                "mqc": [
                    
                ],
                "versions": [
                    "versions.yml:md5,0b121e44c28b1c3efb04ae0dfc9ec76c"
                ]
            }
        ],
        "meta": {
            "nf-test": "0.9.3",
            "nextflow": "25.10.2"
        },
        "timestamp": "2026-04-02T22:08:11.981413413"
    },
    "registration - ants - no warps": {
        "content": [
            {
                "0": [
                    [
                        {
                            "id": "test"
                        },
                        "test_t1_warped.nii.gz:md5,4f5cb476191e68f737219f8327a87548"
                    ]
                ],
                "1": [
                    [
                        {
                            "id": "test"
                        },
                        "test_forward1_affine.mat:md5,6a69e6a47c4376708db04d3aba21a801"
                    ]
                ],
                "10": [
                    "versions.yml:md5,0b121e44c28b1c3efb04ae0dfc9ec76c"
                ],
                "2": [
                    
                ],
                "3": [
                    
                ],
                "4": [
                    [
                        {
                            "id": "test"
                        },
                        "test_backward0_affine.mat:md5,366d0173286adeead91d33429ab1a0f3"
                    ]
                ],
                "5": [
                    [
                        {
                            "id": "test"
                        },
                        [
                            "test_forward1_affine.mat:md5,6a69e6a47c4376708db04d3aba21a801"
                        ]
                    ]
                ],
                "6": [
                    [
                        {
                            "id": "test"
                        },
                        [
                            "test_backward0_affine.mat:md5,366d0173286adeead91d33429ab1a0f3"
                        ]
                    ]
                ],
                "7": [
                    [
                        {
                            "id": "test"
                        },
                        [
                            "test_backward0_affine.mat:md5,366d0173286adeead91d33429ab1a0f3"
                        ]
                    ]
                ],
                "8": [
                    [
                        {
                            "id": "test"
                        },
                        [
                            "test_forward1_affine.mat:md5,6a69e6a47c4376708db04d3aba21a801"
                        ]
                    ]
                ],
                "9": [
                    
                ],
                "backward_affine": [
                    [
                        {
                            "id": "test"
                        },
                        "test_backward0_affine.mat:md5,366d0173286adeead91d33429ab1a0f3"
                    ]
                ],
                "backward_image_transform": [
                    [
                        {
                            "id": "test"
                        },
                        [
                            "test_backward0_affine.mat:md5,366d0173286adeead91d33429ab1a0f3"
                        ]
                    ]
                ],
                "backward_tractogram_transform": [
                    [
                        {
                            "id": "test"
                        },
                        [
                            "test_forward1_affine.mat:md5,6a69e6a47c4376708db04d3aba21a801"
                        ]
                    ]
                ],
                "backward_warp": [
                    
                ],
                "forward_affine": [
                    [
                        {
                            "id": "test"
                        },
                        "test_forward1_affine.mat:md5,6a69e6a47c4376708db04d3aba21a801"
                    ]
                ],
                "forward_image_transform": [
                    [
                        {
                            "id": "test"
                        },
                        [
                            "test_forward1_affine.mat:md5,6a69e6a47c4376708db04d3aba21a801"
                        ]
                    ]
                ],
                "forward_tractogram_transform": [
                    [
                        {
                            "id": "test"
                        },
                        [
                            "test_backward0_affine.mat:md5,366d0173286adeead91d33429ab1a0f3"
                        ]
                    ]
                ],
                "forward_warp": [
                    
                ],
                "image_warped": [
                    [
                        {
                            "id": "test"
                        },
                        "test_t1_warped.nii.gz:md5,4f5cb476191e68f737219f8327a87548"
                    ]
                ],
                "mqc": [
                    
                ],
                "versions": [
                    "versions.yml:md5,0b121e44c28b1c3efb04ae0dfc9ec76c"
                ]
            }
        ],
        "meta": {
            "nf-test": "0.9.3",
            "nextflow": "25.10.2"
        },
        "timestamp": "2026-04-02T22:09:15.24417883"
    }
}