{
    "Image convert - stub": {
        "content": [
            [
                "versions.yml:md5,5c6f0565fe5f61aea47dc7436b5cd390"
            ]
        ],
        "meta": {
            "nf-test": "0.9.0",
            "nextflow": "25.04.7"
        },
        "timestamp": "2025-09-17T20:02:57.148325392"
    },
    "Image convert - uint8": {
        "content": [
            {
                "0": [
                    [
                        {
                            "id": "test",
                            "single_end": false
                        },
                        "test_t1_uint8_converted.nii.gz:md5,2c99f7ac5528b9ffac4cb0e4ee404614"
                    ]
                ],
                "1": [
                    "versions.yml:md5,5c6f0565fe5f61aea47dc7436b5cd390"
                ],
                "image": [
                    [
                        {
                            "id": "test",
                            "single_end": false
                        },
                        "test_t1_uint8_converted.nii.gz:md5,2c99f7ac5528b9ffac4cb0e4ee404614"
                    ]
                ],
                "versions": [
                    "versions.yml:md5,5c6f0565fe5f61aea47dc7436b5cd390"
                ]
            }
        ],
        "meta": {
            "nf-test": "0.9.0",
            "nextflow": "25.04.7"
        },
        "timestamp": "2025-09-17T20:02:43.382029732"
    },
    "Image convert - float32": {
        "content": [
            {
                "0": [
                    [
                        {
                            "id": "test",
                            "single_end": false
                        },
                        "test_float32_converted.nii.gz:md5,ff17eba4a7cc26abdccfbab1d389c783"
                    ]
                ],
                "1": [
                    "versions.yml:md5,5c6f0565fe5f61aea47dc7436b5cd390"
                ],
                "image": [
                    [
                        {
                            "id": "test",
                            "single_end": false
                        },
                        "test_float32_converted.nii.gz:md5,ff17eba4a7cc26abdccfbab1d389c783"
                    ]
                ],
                "versions": [
                    "versions.yml:md5,5c6f0565fe5f61aea47dc7436b5cd390"
                ]
            }
        ],
        "meta": {
            "nf-test": "0.9.3",
            "nextflow": "25.10.2"
        },
        "timestamp": "2026-04-22T15:13:04.210464013"
    }
}