{
    "stats - metrics in roi -stub-run": {
        "content": [
            [
                "versions.yml:md5,4ba12b9047fe4e26adcb513df16d99d6"
            ]
        ],
        "timestamp": "2026-02-26T14:15:04.916471",
        "meta": {
            "nf-test": "0.9.3",
            "nextflow": "25.04.6"
        }
    },
    "stats - metrics in ROI": {
        "content": [
            {
                "0": [
                    [
                        {
                            "id": "test",
                            "single_end": false
                        },
                        "test_stats.json:md5,a23c9a699e8ba09880e2fc1a175b06f5"
                    ]
                ],
                "1": [
                    [
                        {
                            "id": "test",
                            "single_end": false
                        },
                        "test_desc-mean_stats.tsv:md5,24ea743ac6055ac6d327509d3926f514"
                    ]
                ],
                "2": [
                    [
                        {
                            "id": "test",
                            "single_end": false
                        },
                        "test_desc-std_stats.tsv:md5,fd928c608e106e94930a2cc0d4fa006c"
                    ]
                ],
                "3": [
                    "versions.yml:md5,4ba12b9047fe4e26adcb513df16d99d6"
                ],
                "stats_json": [
                    [
                        {
                            "id": "test",
                            "single_end": false
                        },
                        "test_stats.json:md5,a23c9a699e8ba09880e2fc1a175b06f5"
                    ]
                ],
                "stats_mean": [
                    [
                        {
                            "id": "test",
                            "single_end": false
                        },
                        "test_desc-mean_stats.tsv:md5,24ea743ac6055ac6d327509d3926f514"
                    ]
                ],
                "stats_std": [
                    [
                        {
                            "id": "test",
                            "single_end": false
                        },
                        "test_desc-std_stats.tsv:md5,fd928c608e106e94930a2cc0d4fa006c"
                    ]
                ],
                "versions": [
                    "versions.yml:md5,4ba12b9047fe4e26adcb513df16d99d6"
                ]
            }
        ],
        "timestamp": "2026-09-29T12:28:09.750447525",
        "meta": {
            "nf-test": "0.9.5",
            "nextflow": "26.04.4"
        }
    },
    "stats - metrics in Label": {
        "content": [
            {
                "0": [
                    [
                        {
                            "id": "test",
                            "single_end": false
                        },
                        "test_stats.json:md5,8cea55c192b8a521b8ffbff377932795"
                    ]
                ],
                "1": [
                    [
                        {
                            "id": "test",
                            "single_end": false
                        },
                        "test_desc-mean_stats.tsv:md5,6b580dc422e63892f49bda9b3eb1f26d"
                    ]
                ],
                "2": [
                    [
                        {
                            "id": "test",
                            "single_end": false
                        },
                        "test_desc-std_stats.tsv:md5,ac6c4bc12e38c3a2929dc7b0e2c0bc17"
                    ]
                ],
                "3": [
                    "versions.yml:md5,4ba12b9047fe4e26adcb513df16d99d6"
                ],
                "stats_json": [
                    [
                        {
                            "id": "test",
                            "single_end": false
                        },
                        "test_stats.json:md5,8cea55c192b8a521b8ffbff377932795"
                    ]
                ],
                "stats_mean": [
                    [
                        {
                            "id": "test",
                            "single_end": false
                        },
                        "test_desc-mean_stats.tsv:md5,6b580dc422e63892f49bda9b3eb1f26d"
                    ]
                ],
                "stats_std": [
                    [
                        {
                            "id": "test",
                            "single_end": false
                        },
                        "test_desc-std_stats.tsv:md5,ac6c4bc12e38c3a2929dc7b0e2c0bc17"
                    ]
                ],
                "versions": [
                    "versions.yml:md5,4ba12b9047fe4e26adcb513df16d99d6"
                ]
            }
        ],
        "timestamp": "2026-09-29T12:28:21.440283798",
        "meta": {
            "nf-test": "0.9.5",
            "nextflow": "26.04.4"
        }
    },
    "stats - metrics in ROI - csv": {
        "content": [
            {
                "0": [
                    [
                        {
                            "id": "test",
                            "single_end": false
                        },
                        "test_stats.json:md5,a23c9a699e8ba09880e2fc1a175b06f5"
                    ]
                ],
                "1": [
                    [
                        {
                            "id": "test",
                            "single_end": false
                        },
                        "test_desc-mean_stats.csv:md5,bd0ee16df4d60bc0fa12d7fdba1589fc"
                    ]
                ],
                "2": [
                    [
                        {
                            "id": "test",
                            "single_end": false
                        },
                        "test_desc-std_stats.csv:md5,beed2d8145119b1724e82b42e0137e15"
                    ]
                ],
                "3": [
                    "versions.yml:md5,4ba12b9047fe4e26adcb513df16d99d6"
                ],
                "stats_json": [
                    [
                        {
                            "id": "test",
                            "single_end": false
                        },
                        "test_stats.json:md5,a23c9a699e8ba09880e2fc1a175b06f5"
                    ]
                ],
                "stats_mean": [
                    [
                        {
                            "id": "test",
                            "single_end": false
                        },
                        "test_desc-mean_stats.csv:md5,bd0ee16df4d60bc0fa12d7fdba1589fc"
                    ]
                ],
                "stats_std": [
                    [
                        {
                            "id": "test",
                            "single_end": false
                        },
                        "test_desc-std_stats.csv:md5,beed2d8145119b1724e82b42e0137e15"
                    ]
                ],
                "versions": [
                    "versions.yml:md5,4ba12b9047fe4e26adcb513df16d99d6"
                ]
            }
        ],
        "timestamp": "2026-09-29T12:28:14.80453604",
        "meta": {
            "nf-test": "0.9.5",
            "nextflow": "26.04.4"
        }
    }
}